main.c:132:5:main	16	static
main.c:254:6:SystemClock_Config	104	static
main.c:305:13:MX_I2C1_Init	8	static
main.c:339:13:MX_I2S2_Init	8	static
main.c:373:13:MX_SDIO_SD_Init	4	static
main.c:401:13:MX_TIM3_Init	64	static
main.c:458:13:MX_DMA_Init	16	static
main.c:479:13:MX_GPIO_Init	56	static
main.c:569:6:LoadTrack	8	static
main.c:582:6:PlayTrack	16	static
main.c:590:6:HAL_I2S_TxHalfCpltCallback	16	static
main.c:602:6:HAL_I2S_TxCpltCallback	16	static
main.c:614:6:UpdateLCD	32	static
main.c:660:6:Error_Handler	8	static
