main.c:158:5:main	8	static
main.c:254:6:SystemClock_Config	104	static
main.c:305:13:MX_I2C1_Init	8	static
main.c:339:13:MX_I2S2_Init	8	static
main.c:373:13:MX_SDIO_SD_Init	4	static
main.c:401:13:MX_TIM2_Init	32	static
main.c:446:13:MX_TIM3_Init	64	static
main.c:505:13:MX_TIM4_Init	32	static
main.c:548:13:MX_DMA_Init	16	static
main.c:569:13:MX_GPIO_Init	56	static
main.c:664:6:HAL_GPIO_EXTI_Callback	16	static
main.c:682:6:HAL_TIM_PeriodElapsedCallback	16	static
main.c:766:6:LoadLEDBuffer	24	static
main.c:803:6:StopTrack	32	static
main.c:829:6:LoadTrack	8	static
main.c:846:6:PlayTrack	16	static
main.c:858:6:HAL_I2S_TxHalfCpltCallback	16	static
main.c:872:6:HAL_I2S_TxCpltCallback	16	static
main.c:886:6:Set_LED_Colour	24	static
main.c:912:6:UpdateLCD	24	static
main.c:945:6:Error_Handler	16	static
